// Jest Snapshot v1, https://goo.gl/fbAQLP

exports[`Search Component should match the snapshot test 1`] = `
<View
  style={
    Array [
      Object {
        "alignItems": "center",
        "flexDirection": "row",
        "paddingBottom": 10,
        "paddingLeft": 12,
        "paddingRight": 12,
        "paddingTop": 10,
        "width": "100%",
      },
    ]
  }
>
  <View
    style={
      Array [
        Object {
          "alignItems": "center",
          "backgroundColor": "#404040",
          "borderRadius": 6,
          "flexBasis": 0,
          "flexDirection": "row",
          "flexGrow": 1,
          "flexShrink": 1,
        },
      ]
    }
  >
    <TextInput
      allowFontScaling={true}
      placeholder="Search QRCodes..."
      placeholderTextColor="#DCDCDC"
      rejectResponderTermination={true}
      style={
        Array [
          Object {
            "color": "#FFFFFF",
            "flexBasis": 0,
            "flexGrow": 1,
            "flexShrink": 1,
            "height": 52,
            "paddingLeft": 12,
          },
        ]
      }
      testID="input"
      underlineColorAndroid="transparent"
    />
    <View
      accessible={true}
      focusable={true}
      onClick={[Function]}
      onResponderGrant={[Function]}
      onResponderMove={[Function]}
      onResponderRelease={[Function]}
      onResponderTerminate={[Function]}
      onResponderTerminationRequest={[Function]}
      onStartShouldSetResponder={[Function]}
      style={
        Object {
          "marginRight": 7,
          "opacity": 1,
          "paddingBottom": 12,
          "paddingLeft": 12,
          "paddingRight": 12,
          "paddingTop": 12,
        }
      }
      testID="button-clear"
    >
      <Text />
    </View>
  </View>
  <RNGestureHandlerButton
    activeOpacity={0.105}
    collapsable={false}
    onActiveStateChange={[Function]}
    onGestureEvent={[Function]}
    onGestureHandlerEvent={[Function]}
    onGestureHandlerStateChange={[Function]}
    onHandlerStateChange={[Function]}
    onPress={[Function]}
    style={
      Object {
        "alignItems": "center",
        "backgroundColor": "#B83341",
        "borderRadius": 6,
        "height": 52,
        "justifyContent": "center",
        "marginLeft": 7,
        "width": 52,
      }
    }
    testID="button-search"
    underlayColor="black"
  >
    <View
      style={
        Object {
          "backgroundColor": "black",
          "borderBottomLeftRadius": undefined,
          "borderBottomRightRadius": undefined,
          "borderRadius": 6,
          "borderTopLeftRadius": undefined,
          "borderTopRightRadius": undefined,
          "bottom": 0,
          "left": 0,
          "opacity": 0,
          "position": "absolute",
          "right": 0,
          "top": 0,
        }
      }
    />
    <Text />
  </RNGestureHandlerButton>
</View>
`;
