// Jest Snapshot v1, https://goo.gl/fbAQLP

exports[`Header Component should match the snapshot test 1`] = `
<ViewManagerAdapter_ExpoLinearGradient
  proxiedProperties={
    Object {
      "colors": Array [
        4290261825,
        4292886352,
      ],
      "endPoint": undefined,
      "locations": undefined,
      "startPoint": undefined,
    }
  }
  style={
    Array [
      Object {
        "alignItems": "center",
        "borderBottomColor": "#B83341",
        "borderBottomWidth": 1,
        "justifyContent": "center",
        "paddingBottom": 10,
        "paddingLeft": 24,
        "paddingRight": 24,
        "paddingTop": 33,
      },
    ]
  }
>
  <Text
    style={
      Array [
        Object {
          "color": "#FFFFFF",
          "fontSize": 51,
        },
      ]
    }
  >
    Test
  </Text>
</ViewManagerAdapter_ExpoLinearGradient>
`;
